<?xml version="1.0" encoding="utf-8"?>
<TestRun id="9cc6b426-8a25-4549-bb35-3ca71e691946" name="@Jacksons-MacBook-Pro 2024-09-27 10:26:20" xmlns="http://microsoft.com/schemas/VisualStudio/TeamTest/2010">
  <Times creation="2024-09-27T10:26:20.4798300-07:00" queuing="2024-09-27T10:26:20.4798300-07:00" start="2024-09-27T10:26:19.9830660-07:00" finish="2024-09-27T10:26:20.4823180-07:00" />
  <TestSettings name="default" id="03d3d2e3-b127-4e96-a05d-64f708e258c0">
    <Deployment runDeploymentRoot="_Jacksons-MacBook-Pro_2024-09-27_10_26_20" />
  </TestSettings>
  <Results>
    <UnitTestResult executionId="8bf76470-0700-4333-b5f0-ec3ebae4f050" testId="c74d5688-ae9c-f68e-764c-0ccdae6b4bb4" testName="PreTrim.Tests.UnitTest1.Test1" computerName="Jacksons-MacBook-Pro" duration="00:00:00.0232032" startTime="2024-09-27T10:26:20.3827950-07:00" endTime="2024-09-27T10:26:20.3828020-07:00" testType="13cdc9d9-ddb5-4fa4-a97d-d965ccfc6d4b" outcome="Passed" testListId="8c84fa94-04c1-424b-9868-57a2d4851a1d" relativeResultsDirectory="8bf76470-0700-4333-b5f0-ec3ebae4f050" />
  </Results>
  <TestDefinitions>
    <UnitTest name="PreTrim.Tests.UnitTest1.Test1" storage="/users/jacksonschuster/source/xamarin-macios/tools/dotnet-prelink/pretrim.tests/bin/debug/net8.0/pretrim.tests.dll" id="c74d5688-ae9c-f68e-764c-0ccdae6b4bb4">
      <Execution id="8bf76470-0700-4333-b5f0-ec3ebae4f050" />
      <TestMethod codeBase="/Users/jacksonschuster/source/xamarin-macios/tools/dotnet-prelink/PreTrim.Tests/bin/Debug/net8.0/PreTrim.Tests.dll" adapterTypeName="executor://xunit/VsTestRunner2/netcoreapp" className="PreTrim.Tests.UnitTest1" name="Test1" />
    </UnitTest>
  </TestDefinitions>
  <TestEntries>
    <TestEntry testId="c74d5688-ae9c-f68e-764c-0ccdae6b4bb4" executionId="8bf76470-0700-4333-b5f0-ec3ebae4f050" testListId="8c84fa94-04c1-424b-9868-57a2d4851a1d" />
  </TestEntries>
  <TestLists>
    <TestList name="Results Not in a List" id="8c84fa94-04c1-424b-9868-57a2d4851a1d" />
    <TestList name="All Loaded Results" id="19431567-8539-422a-85d7-44ee4e166bda" />
  </TestLists>
  <ResultSummary outcome="Completed">
    <Counters total="1" executed="1" passed="1" failed="0" error="0" timeout="0" aborted="0" inconclusive="0" passedButRunAborted="0" notRunnable="0" notExecuted="0" disconnected="0" warning="0" completed="0" inProgress="0" pending="0" />
    <Output>
      <StdOut>[xUnit.net 00:00:00.00] xUnit.net VSTest Adapter v2.5.3.1+6b60a9e56a (64-bit .NET 8.0.8)
[xUnit.net 00:00:00.05]   Discovering: PreTrim.Tests
[xUnit.net 00:00:00.06]   Discovered:  PreTrim.Tests
[xUnit.net 00:00:00.06]   Starting:    PreTrim.Tests
/var/folders/xq/wtczf_616474_dkfm_xd6s640000gn/T/Test1
[xUnit.net 00:00:00.10]   Finished:    PreTrim.Tests
</StdOut>
    </Output>
  </ResultSummary>
</TestRun>